pages/HubMarketplace.tsx(846,35): error TS1381: Unexpected token. Did you mean `{'}'}` or `&rbrace;`?
